# Jenkins Test Thu Nov 27 11:30:25 WIB 2025
